// Jest Snapshot v1, https://goo.gl/fbAQLP

exports[`matches snapshot 1`] = `
<span>
  <span
    className="react-loading-skeleton css-f8rjoi-Skeleton"
  >
    ‌
  </span>
  <span
    className="react-loading-skeleton css-f8rjoi-Skeleton"
  >
    ‌
  </span>
  <span
    className="react-loading-skeleton css-f8rjoi-Skeleton"
  >
    ‌
  </span>
  <span
    className="react-loading-skeleton css-f8rjoi-Skeleton"
  >
    ‌
  </span>
  <span
    className="react-loading-skeleton css-f8rjoi-Skeleton"
  >
    ‌
  </span>
</span>
`;
